分类: 🇭🇰港澳台, 名称: TVB功夫, 有效: 0, IPv4: 1, IPv6: 0, 最小延迟: 47 ms, 最高速率: 61.55 M/s, 平均速率: 0.00 M/s, 最高分辨率: None, 平均帧率: 未知, 视频编解码器: 未知, 音频编解码器: 未知
分类: 🇭🇰港澳台, 名称: TVB星河, 有效: 1, IPv4: 14, IPv6: 0, 最小延迟: 53 ms, 最高速率: 59.58 M/s, 平均速率: 0.68 M/s, 最高分辨率: 1280x720, 平均帧率: 37.50, 视频编解码器: h264, 音频编解码器: aac
分类: 🇭🇰港澳台, 名称: TVB J2, 有效: 0, IPv4: 4, IPv6: 0, 最小延迟: -1 ms, 最高速率: 0.00 M/s, 平均速率: 0.00 M/s, 最高分辨率: None, 平均帧率: 未知, 视频编解码器: 未知, 音频编解码器: 未知
分类: 🇭🇰港澳台, 名称: 龙华经典, 有效: 0, IPv4: 10, IPv6: 0, 最小延迟: 183 ms, 最高速率: 26.28 M/s, 平均速率: 0.00 M/s, 最高分辨率: None, 平均帧率: 未知, 视频编解码器: 未知, 音频编解码器: 未知
分类: 🇭🇰港澳台, 名称: PopC, 有效: 0, IPv4: 8, IPv6: 0, 最小延迟: -1 ms, 最高速率: 0.00 M/s, 平均速率: 0.00 M/s, 最高分辨率: None, 平均帧率: 未知, 视频编解码器: 未知, 音频编解码器: 未知
分类: 🇭🇰港澳台, 名称: 天映经典, 有效: 0, IPv4: 10, IPv6: 0, 最小延迟: 2177 ms, 最高速率: 0.86 M/s, 平均速率: 0.00 M/s, 最高分辨率: 1024x576, 平均帧率: 25.00, 视频编解码器: h264, 音频编解码器: aac
分类: 🇭🇰港澳台, 名称: 凤凰香港, 有效: 1, IPv4: 46, IPv6: 0, 最小延迟: 35 ms, 最高速率: 75.23 M/s, 平均速率: 0.55 M/s, 最高分辨率: 1920x1080, 平均帧率: 28.33, 视频编解码器: h264, 音频编解码器: aac
分类: 🇭🇰港澳台, 名称: 私人影院, 有效: 0, IPv4: 2, IPv6: 0, 最小延迟: -1 ms, 最高速率: 0.00 M/s, 平均速率: 0.00 M/s, 最高分辨率: None, 平均帧率: 未知, 视频编解码器: 未知, 音频编解码器: 未知
分类: 🇭🇰港澳台, 名称: 1905电影, 有效: 0, IPv4: 3, IPv6: 0, 最小延迟: -1 ms, 最高速率: 0.00 M/s, 平均速率: 0.00 M/s, 最高分辨率: None, 平均帧率: 未知, 视频编解码器: 未知, 音频编解码器: 未知
分类: 🇭🇰港澳台, 名称: 凤凰电影, 有效: 0, IPv4: 5, IPv6: 0, 最小延迟: 10247 ms, 最高速率: 0.04 M/s, 平均速率: 0.00 M/s, 最高分辨率: None, 平均帧率: 未知, 视频编解码器: 未知, 音频编解码器: 未知
分类: 🇭🇰港澳台, 名称: 龙华洋片, 有效: 0, IPv4: 7, IPv6: 0, 最小延迟: -1 ms, 最高速率: 0.00 M/s, 平均速率: 0.00 M/s, 最高分辨率: None, 平均帧率: 未知, 视频编解码器: 未知, 音频编解码器: 未知
分类: 🇭🇰港澳台, 名称: CHC家庭影院, 有效: 4, IPv4: 116, IPv6: 0, 最小延迟: 35 ms, 最高速率: 36.95 M/s, 平均速率: 17.79 M/s, 最高分辨率: 1920x1080, 平均帧率: 28.46, 视频编解码器: h264, 音频编解码器: aac
分类: 🇭🇰港澳台, 名称: CHC动作电影, 有效: 5, IPv4: 130, IPv6: 0, 最小延迟: 69 ms, 最高速率: 15.99 M/s, 平均速率: 10.29 M/s, 最高分辨率: 1920x1080, 平均帧率: 27.50, 视频编解码器: h264, 音频编解码器: aac
分类: 🇭🇰港澳台, 名称: 爱奇艺, 有效: 0, IPv4: 3, IPv6: 0, 最小延迟: -1 ms, 最高速率: 0.00 M/s, 平均速率: 0.00 M/s, 最高分辨率: None, 平均帧率: 未知, 视频编解码器: 未知, 音频编解码器: 未知
分类: 🇭🇰港澳台, 名称: CHC影迷电影, 有效: 4, IPv4: 84, IPv6: 0, 最小延迟: 50 ms, 最高速率: 35.14 M/s, 平均速率: 13.93 M/s, 最高分辨率: 1920x1080, 平均帧率: 29.00, 视频编解码器: h264, 音频编解码器: aac
分类: 🇭🇰港澳台, 名称: 八度空间, 有效: 0, IPv4: 3, IPv6: 0, 最小延迟: 76 ms, 最高速率: 72.19 M/s, 平均速率: 0.00 M/s, 最高分辨率: None, 平均帧率: 未知, 视频编解码器: 未知, 音频编解码器: 未知
分类: 🇭🇰港澳台, 名称: Astro AEC, 有效: 0, IPv4: 1, IPv6: 0, 最小延迟: -1 ms, 最高速率: 0.00 M/s, 平均速率: 0.00 M/s, 最高分辨率: None, 平均帧率: 未知, 视频编解码器: 未知, 音频编解码器: 未知
分类: 🇭🇰港澳台, 名称: RTHK33, 有效: 0, IPv4: 4, IPv6: 0, 最小延迟: -1 ms, 最高速率: 0.00 M/s, 平均速率: 0.00 M/s, 最高分辨率: None, 平均帧率: 未知, 视频编解码器: 未知, 音频编解码器: 未知
分类: 🇭🇰港澳台, 名称: Astro AOD, 有效: 0, IPv4: 1, IPv6: 0, 最小延迟: -1 ms, 最高速率: 0.00 M/s, 平均速率: 0.00 M/s, 最高分辨率: None, 平均帧率: 未知, 视频编解码器: 未知, 音频编解码器: 未知
分类: 🇭🇰港澳台, 名称: C+, 有效: 2, IPv4: 3, IPv6: 0, 最小延迟: 1507 ms, 最高速率: 1.09 M/s, 平均速率: 0.98 M/s, 最高分辨率: 1920x1080, 平均帧率: 25.00, 视频编解码器: h264, 音频编解码器: aac
分类: 🇭🇰港澳台, 名称: Astro QJ, 有效: 0, IPv4: 4, IPv6: 0, 最小延迟: 2022 ms, 最高速率: 0.04 M/s, 平均速率: 0.00 M/s, 最高分辨率: None, 平均帧率: 未知, 视频编解码器: 未知, 音频编解码器: 未知
分类: 🇭🇰港澳台, 名称: 澳视卫星, 有效: 0, IPv4: 1, IPv6: 0, 最小延迟: 7487 ms, 最高速率: 0.42 M/s, 平均速率: 0.00 M/s, 最高分辨率: 1920x1080, 平均帧率: 25.00, 视频编解码器: h264, 音频编解码器: aac
分类: 🇭🇰港澳台, 名称: 澳门体育, 有效: 0, IPv4: 1, IPv6: 0, 最小延迟: 4300 ms, 最高速率: 0.35 M/s, 平均速率: 0.00 M/s, 最高分辨率: 1920x1080, 平均帧率: 25.00, 视频编解码器: h264, 音频编解码器: aac
分类: 🇭🇰港澳台, 名称: 澳视澳门, 有效: 0, IPv4: 6, IPv6: 0, 最小延迟: 49 ms, 最高速率: 66.51 M/s, 平均速率: 0.00 M/s, 最高分辨率: 1920x1080, 平均帧率: 25.00, 视频编解码器: h264, 音频编解码器: aac
分类: 🇭🇰港澳台, 名称: 亚洲卫视, 有效: 0, IPv4: 3, IPv6: 0, 最小延迟: -1 ms, 最高速率: 0.00 M/s, 平均速率: 0.00 M/s, 最高分辨率: None, 平均帧率: 未知, 视频编解码器: 未知, 音频编解码器: 未知
分类: 🇭🇰港澳台, 名称: 澳门综艺, 有效: 0, IPv4: 2, IPv6: 0, 最小延迟: 4643 ms, 最高速率: 0.34 M/s, 平均速率: 0.00 M/s, 最高分辨率: 1920x1080, 平均帧率: 25.00, 视频编解码器: h264, 音频编解码器: aac
分类: 🇭🇰港澳台, 名称: 澳门莲花, 有效: 0, IPv4: 2, IPv6: 0, 最小延迟: -1 ms, 最高速率: 0.00 M/s, 平均速率: 0.00 M/s, 最高分辨率: None, 平均帧率: 未知, 视频编解码器: 未知, 音频编解码器: 未知
分类: 🇭🇰港澳台, 名称: 重温经典, 有效: 2, IPv4: 35, IPv6: 0, 最小延迟: 261 ms, 最高速率: 19.19 M/s, 平均速率: 10.39 M/s, 最高分辨率: 1920x1080, 平均帧率: 35.00, 视频编解码器: h264, 音频编解码器: aac
分类: 🇭🇰港澳台, 名称: 东森新闻, 有效: 0, IPv4: 8, IPv6: 0, 最小延迟: 375 ms, 最高速率: 0.00 M/s, 平均速率: 0.00 M/s, 最高分辨率: None, 平均帧率: 未知, 视频编解码器: 未知, 音频编解码器: 未知
分类: 🇭🇰港澳台, 名称: 中天新闻, 有效: 3, IPv4: 19, IPv6: 0, 最小延迟: 14 ms, 最高速率: 3.36 M/s, 平均速率: 2.01 M/s, 最高分辨率: 1280x720, 平均帧率: 30.00, 视频编解码器: h264, 音频编解码器: aac
分类: ☘️广东频道, 名称: 广东卫视, 有效: 5, IPv4: 587, IPv6: 0, 最小延迟: 111 ms, 最高速率: 88.95 M/s, 平均速率: 26.91 M/s, 最高分辨率: 1920x1080, 平均帧率: 27.78, 视频编解码器: h264, 音频编解码器: aac
分类: ☘️广东频道, 名称: 大湾区卫视, 有效: 5, IPv4: 105, IPv6: 0, 最小延迟: 30 ms, 最高速率: 36.14 M/s, 平均速率: 26.11 M/s, 最高分辨率: 1920x1080, 平均帧率: 29.00, 视频编解码器: h264, 音频编解码器: aac
分类: ☘️广东频道, 名称: 广东经济科教, 有效: 0, IPv4: 15, IPv6: 0, 最小延迟: -1 ms, 最高速率: 0.00 M/s, 平均速率: 0.00 M/s, 最高分辨率: None, 平均帧率: 未知, 视频编解码器: 未知, 音频编解码器: 未知
分类: ☘️广东频道, 名称: 云浮文旅, 有效: 0, IPv4: 2, IPv6: 0, 最小延迟: 1873 ms, 最高速率: 0.16 M/s, 平均速率: 0.00 M/s, 最高分辨率: 720x404, 平均帧率: 25.00, 视频编解码器: h264, 音频编解码器: aac
分类: ☘️广东频道, 名称: 广州南国都市, 有效: 0, IPv4: 4, IPv6: 0, 最小延迟: 310 ms, 最高速率: 0.48 M/s, 平均速率: 0.00 M/s, 最高分辨率: 1920x1080, 平均帧率: 50.00, 视频编解码器: h264, 音频编解码器: aac
分类: ☘️广东频道, 名称: 东莞生活资讯, 有效: 1, IPv4: 7, IPv6: 0, 最小延迟: 1704 ms, 最高速率: 0.32 M/s, 平均速率: 0.32 M/s, 最高分辨率: 1280x720, 平均帧率: 25.00, 视频编解码器: h264, 音频编解码器: aac
分类: ☘️广东频道, 名称: 番禺综合, 有效: 0, IPv4: 1, IPv6: 0, 最小延迟: 516 ms, 最高速率: 0.31 M/s, 平均速率: 0.00 M/s, 最高分辨率: 1920x1080, 平均帧率: 25.00, 视频编解码器: h264, 音频编解码器: aac
分类: ☘️广东频道, 名称: 汕尾文化生活, 有效: 0, IPv4: 7, IPv6: 0, 最小延迟: -1 ms, 最高速率: 0.00 M/s, 平均速率: 0.00 M/s, 最高分辨率: None, 平均帧率: 未知, 视频编解码器: 未知, 音频编解码器: 未知
分类: ☘️广东频道, 名称: 河源公共, 有效: 0, IPv4: 11, IPv6: 0, 最小延迟: 5394 ms, 最高速率: 0.13 M/s, 平均速率: 0.00 M/s, 最高分辨率: 960x540, 平均帧率: 25.00, 视频编解码器: h264, 音频编解码器: aac
分类: 📺央视频道, 名称: CCTV-1, 有效: 5, IPv4: 698, IPv6: 0, 最小延迟: 197 ms, 最高速率: 15.07 M/s, 平均速率: 8.80 M/s, 最高分辨率: 1920x1080, 平均帧率: 32.50, 视频编解码器: h264, 音频编解码器: aac
分类: 📺央视频道, 名称: CCTV-2, 有效: 5, IPv4: 626, IPv6: 0, 最小延迟: 52 ms, 最高速率: 43.43 M/s, 平均速率: 11.07 M/s, 最高分辨率: 1920x1080, 平均帧率: 33.64, 视频编解码器: h264, 音频编解码器: aac
分类: 📺央视频道, 名称: CCTV-3, 有效: 5, IPv4: 604, IPv6: 0, 最小延迟: 6 ms, 最高速率: 11.10 M/s, 平均速率: 7.84 M/s, 最高分辨率: 1920x1080, 平均帧率: 30.00, 视频编解码器: h264, 音频编解码器: aac
分类: 📺央视频道, 名称: CCTV-4, 有效: 5, IPv4: 652, IPv6: 0, 最小延迟: 146 ms, 最高速率: 11.80 M/s, 平均速率: 5.98 M/s, 最高分辨率: 1920x1080, 平均帧率: 33.50, 视频编解码器: h264, 音频编解码器: aac
分类: 📺央视频道, 名称: CCTV-6, 有效: 5, IPv4: 614, IPv6: 0, 最小延迟: 151 ms, 最高速率: 9.76 M/s, 平均速率: 6.62 M/s, 最高分辨率: 1920x1080, 平均帧率: 33.67, 视频编解码器: h264, 音频编解码器: aac
分类: 📺央视频道, 名称: CCTV-7, 有效: 6, IPv4: 583, IPv6: 0, 最小延迟: 224 ms, 最高速率: 14.73 M/s, 平均速率: 2.82 M/s, 最高分辨率: 1920x1080, 平均帧率: 32.19, 视频编解码器: h264, 音频编解码器: aac
分类: 📺央视频道, 名称: CCTV-8, 有效: 5, IPv4: 605, IPv6: 0, 最小延迟: 266 ms, 最高速率: 8.29 M/s, 平均速率: 2.99 M/s, 最高分辨率: 1920x1080, 平均帧率: 33.21, 视频编解码器: h264, 音频编解码器: aac
分类: 📺央视频道, 名称: CCTV-9, 有效: 5, IPv4: 598, IPv6: 0, 最小延迟: 64 ms, 最高速率: 16.44 M/s, 平均速率: 9.83 M/s, 最高分辨率: 1920x1080, 平均帧率: 34.09, 视频编解码器: h264, 音频编解码器: aac
分类: 📺央视频道, 名称: CCTV-10, 有效: 5, IPv4: 605, IPv6: 0, 最小延迟: 65 ms, 最高速率: 15.79 M/s, 平均速率: 8.47 M/s, 最高分辨率: 1920x1080, 平均帧率: 33.33, 视频编解码器: h264, 音频编解码器: aac
分类: 📺央视频道, 名称: CCTV-11, 有效: 5, IPv4: 505, IPv6: 0, 最小延迟: 70 ms, 最高速率: 16.00 M/s, 平均速率: 12.53 M/s, 最高分辨率: 1920x1080, 平均帧率: 30.00, 视频编解码器: h264, 音频编解码器: aac
分类: 📺央视频道, 名称: CCTV-12, 有效: 5, IPv4: 565, IPv6: 0, 最小延迟: 77 ms, 最高速率: 13.80 M/s, 平均速率: 3.65 M/s, 最高分辨率: 1920x1080, 平均帧率: 35.91, 视频编解码器: h264, 音频编解码器: aac
分类: 📺央视频道, 名称: CCTV-13, 有效: 5, IPv4: 535, IPv6: 0, 最小延迟: 28 ms, 最高速率: 35.56 M/s, 平均速率: 16.80 M/s, 最高分辨率: 1920x1080, 平均帧率: 30.91, 视频编解码器: h264, 音频编解码器: aac
分类: 📺央视频道, 名称: CCTV-15, 有效: 5, IPv4: 505, IPv6: 0, 最小延迟: 72 ms, 最高速率: 15.29 M/s, 平均速率: 11.36 M/s, 最高分辨率: 1920x1080, 平均帧率: 26.82, 视频编解码器: h264, 音频编解码器: aac
分类: 📺央视频道, 名称: CCTV-16, 有效: 5, IPv4: 286, IPv6: 0, 最小延迟: 129 ms, 最高速率: 10.79 M/s, 平均速率: 4.92 M/s, 最高分辨率: 1920x1080, 平均帧率: 25.00, 视频编解码器: h264, 音频编解码器: aac
分类: 📺央视频道, 名称: CCTV-17, 有效: 5, IPv4: 429, IPv6: 0, 最小延迟: 104 ms, 最高速率: 9.97 M/s, 平均速率: 6.43 M/s, 最高分辨率: 1920x1080, 平均帧率: 28.64, 视频编解码器: h264, 音频编解码器: aac
分类: 📡卫视频道, 名称: 香港卫视, 有效: 0, IPv4: 12, IPv6: 0, 最小延迟: 5 ms, 最高速率: 45.92 M/s, 平均速率: 0.00 M/s, 最高分辨率: 19x24, 平均帧率: 25.00, 视频编解码器: rawvideo, 音频编解码器: 未知
分类: 📡卫视频道, 名称: 浙江卫视, 有效: 6, IPv4: 555, IPv6: 0, 最小延迟: 31 ms, 最高速率: 34.51 M/s, 平均速率: 18.09 M/s, 最高分辨率: 3840x2160, 平均帧率: 30.00, 视频编解码器: h264, 音频编解码器: aac
分类: 📡卫视频道, 名称: 湖南卫视, 有效: 5, IPv4: 557, IPv6: 0, 最小延迟: 32 ms, 最高速率: 29.20 M/s, 平均速率: 15.06 M/s, 最高分辨率: 3840x2160, 平均帧率: 30.31, 视频编解码器: h264, 音频编解码器: aac
分类: 📡卫视频道, 名称: 北京卫视, 有效: 5, IPv4: 541, IPv6: 0, 最小延迟: 66 ms, 最高速率: 15.57 M/s, 平均速率: 7.38 M/s, 最高分辨率: 1920x1080, 平均帧率: 26.43, 视频编解码器: h264, 音频编解码器: aac
分类: 📡卫视频道, 名称: 湖北卫视, 有效: 5, IPv4: 489, IPv6: 0, 最小延迟: 64 ms, 最高速率: 15.40 M/s, 平均速率: 14.75 M/s, 最高分辨率: 1920x1080, 平均帧率: 26.67, 视频编解码器: h264, 音频编解码器: aac
分类: 📡卫视频道, 名称: 黑龙江卫视, 有效: 5, IPv4: 431, IPv6: 0, 最小延迟: 66 ms, 最高速率: 15.92 M/s, 平均速率: 11.94 M/s, 最高分辨率: 1920x1080, 平均帧率: 33.64, 视频编解码器: h264, 音频编解码器: aac
分类: 📡卫视频道, 名称: 安徽卫视, 有效: 5, IPv4: 454, IPv6: 0, 最小延迟: 70 ms, 最高速率: 16.32 M/s, 平均速率: 4.46 M/s, 最高分辨率: 1920x1080, 平均帧率: 39.44, 视频编解码器: h264, 音频编解码器: mp2
分类: 📡卫视频道, 名称: 重庆卫视, 有效: 5, IPv4: 445, IPv6: 0, 最小延迟: 34 ms, 最高速率: 34.47 M/s, 平均速率: 17.24 M/s, 最高分辨率: 1920x1080, 平均帧率: 26.43, 视频编解码器: h264, 音频编解码器: aac
分类: 📡卫视频道, 名称: 东方卫视, 有效: 5, IPv4: 510, IPv6: 0, 最小延迟: 5 ms, 最高速率: 5.45 M/s, 平均速率: 2.34 M/s, 最高分辨率: 1920x1080, 平均帧率: 34.55, 视频编解码器: h264, 音频编解码器: aac
分类: 📡卫视频道, 名称: 东南卫视, 有效: 5, IPv4: 418, IPv6: 0, 最小延迟: 70 ms, 最高速率: 15.00 M/s, 平均速率: 3.84 M/s, 最高分辨率: 1920x1080, 平均帧率: 25.83, 视频编解码器: h264, 音频编解码器: mp2
分类: 📡卫视频道, 名称: 甘肃卫视, 有效: 5, IPv4: 263, IPv6: 0, 最小延迟: 73 ms, 最高速率: 15.14 M/s, 平均速率: 9.87 M/s, 最高分辨率: 1920x1080, 平均帧率: 31.67, 视频编解码器: h264, 音频编解码器: aac
分类: 📡卫视频道, 名称: 广西卫视, 有效: 5, IPv4: 363, IPv6: 0, 最小延迟: 74 ms, 最高速率: 15.36 M/s, 平均速率: 10.54 M/s, 最高分辨率: 1920x1080, 平均帧率: 32.22, 视频编解码器: h264, 音频编解码器: aac
分类: 📡卫视频道, 名称: 贵州卫视, 有效: 5, IPv4: 418, IPv6: 0, 最小延迟: 72 ms, 最高速率: 15.19 M/s, 平均速率: 14.46 M/s, 最高分辨率: 1920x1080, 平均帧率: 28.33, 视频编解码器: h264, 音频编解码器: aac
分类: 📡卫视频道, 名称: 海南卫视, 有效: 5, IPv4: 322, IPv6: 0, 最小延迟: 70 ms, 最高速率: 14.71 M/s, 平均速率: 13.90 M/s, 最高分辨率: 1920x1080, 平均帧率: 28.12, 视频编解码器: h264, 音频编解码器: aac
分类: 📡卫视频道, 名称: 河北卫视, 有效: 5, IPv4: 405, IPv6: 0, 最小延迟: 61 ms, 最高速率: 15.46 M/s, 平均速率: 11.33 M/s, 最高分辨率: 1920x1080, 平均帧率: 37.78, 视频编解码器: h264, 音频编解码器: aac
分类: 📡卫视频道, 名称: 河南卫视, 有效: 5, IPv4: 462, IPv6: 0, 最小延迟: 46 ms, 最高速率: 40.43 M/s, 平均速率: 11.16 M/s, 最高分辨率: 1920x1080, 平均帧率: 34.09, 视频编解码器: h264, 音频编解码器: aac
分类: 📡卫视频道, 名称: 吉林卫视, 有效: 5, IPv4: 387, IPv6: 0, 最小延迟: 31 ms, 最高速率: 34.81 M/s, 平均速率: 26.54 M/s, 最高分辨率: 1920x1080, 平均帧率: 32.50, 视频编解码器: h264, 音频编解码器: aac
分类: 📡卫视频道, 名称: 江苏卫视, 有效: 5, IPv4: 563, IPv6: 0, 最小延迟: 38 ms, 最高速率: 26.48 M/s, 平均速率: 11.47 M/s, 最高分辨率: 1920x1080, 平均帧率: 32.50, 视频编解码器: h264, 音频编解码器: aac
分类: 📡卫视频道, 名称: 江西卫视, 有效: 5, IPv4: 458, IPv6: 0, 最小延迟: 52 ms, 最高速率: 20.60 M/s, 平均速率: 19.24 M/s, 最高分辨率: 1920x1080, 平均帧率: 34.09, 视频编解码器: h264, 音频编解码器: aac
分类: 📡卫视频道, 名称: 辽宁卫视, 有效: 5, IPv4: 462, IPv6: 0, 最小延迟: 140 ms, 最高速率: 8.77 M/s, 平均速率: 4.13 M/s, 最高分辨率: 1920x1080, 平均帧率: 28.12, 视频编解码器: h264, 音频编解码器: aac
分类: 📡卫视频道, 名称: 宁夏卫视, 有效: 5, IPv4: 259, IPv6: 0, 最小延迟: 66 ms, 最高速率: 15.35 M/s, 平均速率: 11.03 M/s, 最高分辨率: 1920x1080, 平均帧率: 32.50, 视频编解码器: h264, 音频编解码器: aac
分类: 📡卫视频道, 名称: 青海卫视, 有效: 5, IPv4: 300, IPv6: 0, 最小延迟: 6 ms, 最高速率: 10.91 M/s, 平均速率: 7.96 M/s, 最高分辨率: 1920x1080, 平均帧率: 28.57, 视频编解码器: h264, 音频编解码器: aac
分类: 📡卫视频道, 名称: 山东卫视, 有效: 5, IPv4: 479, IPv6: 0, 最小延迟: 13 ms, 最高速率: 31.98 M/s, 平均速率: 12.74 M/s, 最高分辨率: 1920x1080, 平均帧率: 31.67, 视频编解码器: h264, 音频编解码器: aac
分类: 📡卫视频道, 名称: 山西卫视, 有效: 5, IPv4: 173, IPv6: 0, 最小延迟: 112 ms, 最高速率: 9.44 M/s, 平均速率: 7.20 M/s, 最高分辨率: 1920x1080, 平均帧率: 25.00, 视频编解码器: h264, 音频编解码器: aac
分类: 📡卫视频道, 名称: 陕西卫视, 有效: 5, IPv4: 187, IPv6: 0, 最小延迟: 10 ms, 最高速率: 50.01 M/s, 平均速率: 23.10 M/s, 最高分辨率: 1920x1080, 平均帧率: 31.67, 视频编解码器: h264, 音频编解码器: aac
分类: 📡卫视频道, 名称: 四川卫视, 有效: 5, IPv4: 457, IPv6: 0, 最小延迟: 31 ms, 最高速率: 32.62 M/s, 平均速率: 26.05 M/s, 最高分辨率: 1920x1080, 平均帧率: 30.00, 视频编解码器: h264, 音频编解码器: aac
分类: 📡卫视频道, 名称: 深圳卫视, 有效: 5, IPv4: 514, IPv6: 0, 最小延迟: 32 ms, 最高速率: 32.56 M/s, 平均速率: 21.39 M/s, 最高分辨率: 1920x1080, 平均帧率: 27.00, 视频编解码器: h264, 音频编解码器: aac
分类: 📡卫视频道, 名称: 三沙卫视, 有效: 5, IPv4: 154, IPv6: 0, 最小延迟: 33 ms, 最高速率: 35.22 M/s, 平均速率: 18.00 M/s, 最高分辨率: 1920x1080, 平均帧率: 28.00, 视频编解码器: h264, 音频编解码器: aac
分类: 📡卫视频道, 名称: 天津卫视, 有效: 5, IPv4: 487, IPv6: 0, 最小延迟: 36 ms, 最高速率: 29.74 M/s, 平均速率: 9.36 M/s, 最高分辨率: 1920x1080, 平均帧率: 31.67, 视频编解码器: h264, 音频编解码器: aac
分类: 📡卫视频道, 名称: 云南卫视, 有效: 5, IPv4: 346, IPv6: 0, 最小延迟: 71 ms, 最高速率: 14.57 M/s, 平均速率: 10.07 M/s, 最高分辨率: 1920x1080, 平均帧率: 33.85, 视频编解码器: h264, 音频编解码器: mp2
